[debug] [2025-08-29T23:58:34.627Z] ----------------------------------------------------------------------
[debug] [2025-08-29T23:58:34.629Z] Command:       C:\Program Files\nodejs\node.exe C:\Users\bjay1\AppData\Roaming\npm\node_modules\firebase-tools\lib\bin\firebase.js init
[debug] [2025-08-29T23:58:34.629Z] CLI Version:   14.15.1
[debug] [2025-08-29T23:58:34.629Z] Platform:      win32
[debug] [2025-08-29T23:58:34.629Z] Node Version:  v20.11.1
[debug] [2025-08-29T23:58:34.629Z] Time:          Fri Aug 29 2025 19:58:34 GMT-0400 (Eastern Daylight Time)
[debug] [2025-08-29T23:58:34.629Z] ----------------------------------------------------------------------
[debug] 
[debug] [2025-08-29T23:58:34.751Z] > command requires scopes: ["email","openid","https://www.googleapis.com/auth/cloudplatformprojects.readonly","https://www.googleapis.com/auth/firebase","https://www.googleapis.com/auth/cloud-platform"]
[debug] [2025-08-29T23:58:34.751Z] > authorizing via signed-in user (bjay10973@gmail.com)
[info] 
     ######## #### ########  ######## ########     ###     ######  ########
     ##        ##  ##     ## ##       ##     ##  ##   ##  ##       ##
     ######    ##  ########  ######   ########  #########  ######  ######
     ##        ##  ##    ##  ##       ##     ## ##     ##       ## ##
     ##       #### ##     ## ######## ########  ##     ##  ######  ########

You're about to initialize a Firebase project in this directory:

  D:\profileWEBAPP

Before we get started, keep in mind:

  * You are initializing within an existing Firebase project directory

[debug] [2025-08-30T00:00:19.134Z] ExitPromptError: User force closed the prompt with SIGINT
    at Interface.sigint (C:\Users\bjay1\AppData\Roaming\npm\node_modules\firebase-tools\node_modules\@inquirer\core\dist\commonjs\lib\create-prompt.js:101:37)
    at Interface.emit (node:events:518:28)
    at Interface.emit (node:domain:488:12)
    at [_ttyWrite] [as _ttyWrite] (node:internal/readline/interface:1125:18)
    at ReadStream.onkeypress (node:internal/readline/interface:264:20)
    at ReadStream.emit (node:events:530:35)
    at ReadStream.emit (node:domain:488:12)
    at emitKeys (node:internal/readline/utils:371:14)
    at emitKeys.next (<anonymous>)
    at ReadStream.onData (node:internal/readline/emitKeypressEvents:64:36)
[error] 
[error] Error: An unexpected error has occurred.
